[Bootstrap]
SetupTitle=Install
SetupText=Copying Files, please stand by.
CabFile=Lab Scheduler.CAB
Spawn=Setup1.exe
Uninstal=st6unst.exe
TmpDir=msftqws.pdw
Cabs=1

[Bootstrap Files]
File1=@VB6STKIT.DLL,$(WinSysPathSysFile),,,7/14/00 11:00:00 PM,101888,6.0.84.50
File2=@COMCAT.DLL,$(WinSysPathSysFile),$(DLLSelfRegister),,5/8/02 5:47:42 AM,22288,4.71.1460.1
File3=@STDOLE2.TLB,$(WinSysPathSysFile),$(TLBRegister),,5/8/02 5:47:44 AM,17920,2.40.4275.1
File4=@ASYCFILT.DLL,$(WinSysPathSysFile),,,5/8/02 5:47:42 AM,147728,2.40.4275.1
File5=@OLEPRO32.DLL,$(WinSysPathSysFile),$(DLLSelfRegister),,5/8/02 5:47:44 AM,164112,5.0.4275.1
File6=@OLEAUT32.DLL,$(WinSysPathSysFile),$(DLLSelfRegister),,4/12/00 12:00:22 PM,598288,2.40.4275.1
File7=@msvbvm60.dll,$(WinSysPathSysFile),$(DLLSelfRegister),,2/23/04 7:42:40 PM,1386496,6.0.97.82

[IconGroups]
Group0=GSScheduler
PrivateGroup0=-1
Parent0=$(Programs)

[GSScheduler]
Icon1=""Lab Scheduler.exe""
Title1=GSScheduler
StartIn1=$(AppPath)
Icon2=""Order Form.htm""
Title2=Order Form
StartIn2=$(AppPath)
Icon3=$(AppPath)\ls-help\lsindex.htm
Title3=Help
StartIn3=$(AppPath)\ls-help\
Icon4=""ActiveMonitor.exe""
Title4=ActiveMonitor
StartIn4=$(AppPath)

[Setup]
Title=GSScheduler
DefaultDir=$(ProgramFiles)\GS Scheduler
AppExe=Lab Scheduler.exe
AppToUninstall=Lab Scheduler.exe

[Setup1 Files]
File1=@lsusers.htm,$(AppPath)\ls-help,,,1/5/05 12:28:36 PM,5732,0.0.0.0
File2=@lsuninstall.htm,$(AppPath)\ls-help,,,7/20/04 3:45:29 PM,1195,0.0.0.0
File3=@lstimetables.htm,$(AppPath)\ls-help,,,1/5/05 10:24:21 AM,5723,0.0.0.0
File4=@lsschoolinfo.htm,$(AppPath)\ls-help,,,1/4/05 3:33:59 PM,2181,0.0.0.0
File5=@lsscheduling.htm,$(AppPath)\ls-help,,,1/12/05 10:54:09 AM,2680,0.0.0.0
File6=@lsresources.htm,$(AppPath)\ls-help,,,1/5/05 12:30:50 PM,3669,0.0.0.0
File7=@lsresolution.htm,$(AppPath)\ls-help,,,1/12/05 12:03:49 PM,1617,0.0.0.0
File8=@lsreports.htm,$(AppPath)\ls-help,,,1/12/05 11:58:49 AM,4017,0.0.0.0
File9=@lsregcodes.htm,$(AppPath)\ls-help,,,7/20/04 3:44:17 PM,2480,0.0.0.0
File10=@lsrecurring.htm,$(AppPath)\ls-help,,,1/24/05 11:02:46 AM,2959,0.0.0.0
File11=@lsreadiness.htm,$(AppPath)\ls-help,,,1/12/05 11:17:57 AM,1428,0.0.0.0
File12=@lsprintschedules.htm,$(AppPath)\ls-help,,,1/12/05 11:28:30 AM,2111,0.0.0.0
File13=@lspending.htm,$(AppPath)\ls-help,,,1/12/05 9:58:44 AM,4158,0.0.0.0
File14=@lsnetwork1.htm,$(AppPath)\ls-help,,,1/12/05 12:01:09 PM,2737,0.0.0.0
File15=@lsindex.htm,$(AppPath)\ls-help,,,1/12/05 12:05:48 PM,3547,0.0.0.0
File16=@lsfilenotfound.htm,$(AppPath)\ls-help,,,1/12/05 12:02:55 PM,2267,0.0.0.0
File17=@lscalendar.htm,$(AppPath)\ls-help,,,1/4/05 3:53:10 PM,2739,0.0.0.0
File18=@lsadminsched.htm,$(AppPath)\ls-help,,,1/12/05 11:05:50 AM,2390,0.0.0.0
File19=@lsadminpass.htm,$(AppPath)\ls-help,,,1/12/05 11:10:21 AM,1166,0.0.0.0
File20=@lsactivity.htm,$(AppPath)\ls-help,,,1/12/05 10:26:07 AM,4176,0.0.0.0
File21=@scheduleback.jpg,$(AppPath)\resource,,,10/1/02 11:08:20 AM,101458,0.0.0.0
File22=@LS-Title.jpg,$(AppPath)\resource,,,8/25/03 8:03:02 AM,89511,0.0.0.0
File23=@GadBack.jpg,$(AppPath)\resource,,,11/17/00 3:46:50 PM,103954,0.0.0.0
File24=@users.new,$(AppPath),,,1/18/05 10:35:27 AM,45,0.0.0.0
File25=@reg.dat,$(AppPath),,,1/12/05 12:36:03 PM,29,0.0.0.0
File26=@pn16.dll,$(AppPath),,,1/18/05 10:35:27 AM,30,0.0.0.0
File27=@Order Form.htm,$(AppPath),,,1/12/05 12:35:03 PM,28468,0.0.0.0
File28=@ls-whatsnew.txt,$(AppPath),,,1/24/05 11:03:50 AM,86,0.0.0.0
File29=@ls-ReadMe.txt,$(AppPath),,,1/24/05 11:03:44 AM,4073,0.0.0.0
File30=@lsdata.new,$(AppPath),,,1/24/05 10:18:36 AM,262,0.0.0.0
File31=@labs.exe,$(AppPath),,,1/24/05 11:13:50 AM,29696,0.0.0.0
File32=@cal.new,$(AppPath),,,1/18/05 10:18:55 AM,82,0.0.0.0
File33=@MSCOMCTL.OCX,$(WinSysPath),$(DLLSelfRegister),$(Shared),3/8/04 11:00:00 PM,1081616,6.1.97.82
File34=@COMDLG32.OCX,$(WinSysPath),$(DLLSelfRegister),$(Shared),3/8/04 11:00:00 PM,152848,6.1.97.82
File35=@MSSTDFMT.DLL,$(WinSysPath),$(DLLSelfRegister),$(Shared),2/22/04 11:00:00 PM,119808,6.1.97.82
File36=@MSCOMCT2.OCX,$(WinSysPath),$(DLLSelfRegister),$(Shared),3/8/04 11:00:00 PM,662288,6.1.97.82
File37=@RICHED32.DLL,$(WinSysPathSysFile),,,5/6/98 11:00:00 PM,174352,4.0.993.4
File38=@RICHTX32.OCX,$(WinSysPath),$(DLLSelfRegister),$(Shared),3/8/04 11:00:00 PM,212240,6.1.97.82
File39=@Lab Scheduler.exe,$(AppPath),,,3/16/06 11:39:50 AM,692224,1.0.0.0
File40=@lsarchiving.htm,$(AppPath)\ls-help,,,1/5/05 12:28:36 PM,5732,0.0.0.0
File41=@ActiveMonitor.exe,$(AppPath),,,3/16/06 11:39:50 AM,692224,1.0.0.0

; The following lines may be deleted in order to obtain extra 
; space for customizing this file on a full installation diskette.
; 
; XXXXXXXXXXXXXXXXXXXXXXXXXXXXXXXXXXXXXXXXXXXXXXXXXXXXXXXXXXXX
; XXXXXXXXXXXXXXXXXXXXXXXXXXXXXXXXXXXXXXXXXXXXXXXXXXXXXXXXXXXX
; XXXXXXXXXXXXXXXXXXXXXXXXXXXXXXXXXXXXXXXXXXXXXXXXXXXXXXXXXXXX
; XXXXXXXXXXXXXXXXXXXXXXXXXXXXXXXXXXXXXXXXXXXXXXXXXXXXXXXXXXXX
; XXXXXXXXXXXXXXXXXXXXXXXXXXXXXXXXXXXXXXXXXXXXXXXXXXXXXXXXXXXX
; XXXXXXXXXXXXXXXXXXXXXXXXXXXXXXXXXXXXXXXXXXXXXXXXXXXXXXXXXXXX
; XXXXXXXXXXXXXXXXXXXXXXXXXXXXXXXXXXXXXXXXXXXXXXXXXXXXXXXXXXXX
; XXXXXXXXXXXXXXXXXXXXXXXXXXXXXXXXXXXXXXXXXXXXXXXXXXXXXXXXXXXX
; XXXXXXXXXXXXXXXXXXXXXXXXXXXXXXXXXXXXXXXXXXXXXXXXXXXXXXXXXXXX
; XXXXXXXXXXXXXXXXXXXXXXXXXXXXXXXXXXXXXXXXXXXXXXXXXXXXXXXXXXXX
; XXXXXXXXXXXXXXXXXXXXXXXXXXXXXXXXXXXXXXXXXXXXXXXXXXXXXXXXXXXX
; XXXXXXXXXXXXXXXXXXXXXXXXXXXXXXXXXXXXXXXXXXXXXXXXXXXXXXXXXXXX
; XXXXXXXXXXXXXXXXXXXXXXXXXXXXXXXXXXXXXXXXXXXXXXXXXXXXXXXXXXXX
; XXXXXXXXXXXXXXXXXXXXXXXXXXXXXXXXXXXXXXXXXXXXXXXXXXXXXXXXXXXX
; XXXXXXXXXXXXXXXXXXXXXXXXXXXXXXXXXXXXXXXXXXXXXXXXXXXXXXXXXXXX
; XXXXXXXXXXXXXXXXXXXXXXXXXXXXXXXXXXXXXXXXXXXXXXXXXXXXXXXXXXXX
; XXXXXXXXXXXXXXXXXXXXXXXXXXXXXXXXXXXXXXXXXXXXXXXXXXXXXXXXXXXX
; XXXXXXXXXXXXXXXXXXXXXXXXXXXXXXXXXXXXXXXXXXXXXXXXXXXXXXXXXXXX
; XXXXXXXXXXXXXXXXXXXXXXXXXXXXXXXXXXXXXXXXXXXXXXXXXXXXXXXXXXXX
; XXXXXXXXXXXXXXXXXXXXXXXXXXXXXXXXXXXXXXXXXXXXXXXXXXXXXXXXXXXX
; XXXXXXXXXXXXXXXXXXXXXXXXXXXXXXXXXXXXXXXXXXXXXXXXXXXXXXXXXXXX
; XXXXXXXXXXXXXXXXXXXXXXXXXXXXXXXXXXXXXXXXXXXXXXXXXXXXXXXXXXXX
; XXXXXXXXXXXXXXXXXXXXXXXXXXXXXXXXXXXXXXXXXXXXXXXXXXXXXXXXXXXX
; XXXXXXXXXXXXXXXXXXXXXXXXXXXXXXXXXXXXXXXXXXXXXXXXXXXXXXXXXXXX
; XXXXXXXXXXXXXXXXXXXXXXXXXXXXXXXXXXXXXXXXXXXXXXXXXXXXXXXXXXXX
; XXXXXXXXXXXXXXXXXXXXXXXXXXXXXXXXXXXXXXXXXXXXXXXXXXXXXXXXXXXX
; XXXXXXXXXXXXXXXXXXXXXXXXXXXXXXXXXXXXXXXXXXXXXXXXXXXXXXXXXXXX
; XXXXXXXXXXXXXXXXXXXXXXXXXXXXXXXXXXXXXXXXXXXXXXXXXXXXXXXXXXXX
; XXXXXXXXXXXXXXXXXXXXXXXXXXXXXXXXXXXXXXXXXXXXXXXXXXXXXXXXXXXX
; XXXXXXXXXXXXXXXXXXXXXXXXXXXXXXXXXXXXXXXXXXXXXXXXXXXXXXXXXXXX
; XXXXXXXXXXXXXXXXXXXXXXXXXXXXXXXXXXXXXXXXXXXXXXXXXXXXXXXXXXXX
; XXXXXXXXXXXXXXXXXXXXXXXXXXXXXXXXXXXXXXXXXXXXXXXXXXXXXXXXXXXX
; XXXXXXXXXXXXXXXXXXXXXXXXXXXXXXXXXXXXXXXXXXXXXXXXXXXXXXXXXXXX
; XXXXXXXXXXXXXXXXXXXXXXXXXXXXXXXXXXXXXXXXXXXXXXXXXXXXXXXXXXXX
; XXXXXXXXXXXXXXXXXXXXXXXXXXXXXXXXXXXXXXXXXXXXXXXXXXXXXXXXXXXX
