[Bootstrap]
SetupTitle=Install
SetupText=Copying Files, please stand by.
CabFile=Edit Prep.CAB
Spawn=Setup1.exe
Uninstal=st6unst.exe
TmpDir=msftqws.pdw
Cabs=1

[Bootstrap Files]
File1=@VB6STKIT.DLL,$(WinSysPathSysFile),,,7/15/00 12:00:00 AM,101888,6.0.84.50
File2=@COMCAT.DLL,$(WinSysPathSysFile),$(DLLSelfRegister),,9/18/01 12:00:00 AM,22288,4.71.1460.1
File3=@STDOLE2.TLB,$(WinSysPathSysFile),$(TLBRegister),,8/28/01 12:00:00 AM,17920,2.40.4275.1
File4=@ASYCFILT.DLL,$(WinSysPathSysFile),,,9/18/01 12:00:00 AM,147728,2.40.4275.1
File5=@OLEPRO32.DLL,$(WinSysPathSysFile),$(DLLSelfRegister),,8/18/01 12:00:00 AM,164112,5.0.4275.1
File6=@OLEAUT32.DLL,$(WinSysPathSysFile),$(DLLSelfRegister),,8/28/02 12:00:00 AM,598288,2.40.4275.1
File7=@msvbvm60.dll,$(WinSysPathSysFile),$(DLLSelfRegister),,5/27/00 12:10:18 AM,1388544,6.0.88.77

[IconGroups]
Group0=Edit Prep
PrivateGroup0=-1
Parent0=$(Programs)

[Edit Prep]
Icon1=""Edit Prep.exe""
Title1=Edit Prep
StartIn1=$(AppPath)
Icon2="ReadMe.txt"
Title2=ReadMe
StartIn2=$(AppPath)
Icon3=""Order Form.htm""
Title3=Order Form
StartIn3=$(AppPath)

[Setup]
Title=Edit Prep
DefaultDir=$(ProgramFiles)\Edit Prep
AppExe=Edit Prep.exe
AppToUninstall=Edit Prep.exe

[Setup1 Files]
File1=@Well Frogs.rtf,$(AppPath)\passages,,,5/18/01 9:18:24 AM,3526,0.0.0.0
File2=@Uncle Tom's Cabin.rtf,$(AppPath)\passages,,,5/10/01 10:37:46 AM,3623,0.0.0.0
File3=@Thomas Edison.rtf,$(AppPath)\passages,,,5/18/01 9:18:02 AM,4445,0.0.0.0
File4=@The Raven.rtf,$(AppPath)\passages,,,5/10/01 10:57:12 AM,3661,0.0.0.0
File5=@Switzerland.rtf,$(AppPath)\passages,,,5/18/01 9:17:26 AM,4180,0.0.0.0
File6=@Scrooge.rtf,$(AppPath)\passages,,,5/18/01 9:17:06 AM,3256,0.0.0.0
File7=@Princess and the Pea.rtf,$(AppPath)\passages,,,5/18/01 9:16:38 AM,3926,0.0.0.0
File8=@Oz Intro.rtf,$(AppPath)\passages,,,5/18/01 8:30:12 AM,3695,0.0.0.0
File9=@My Father.rtf,$(AppPath)\passages,,,5/10/01 9:27:24 AM,3969,0.0.0.0
File10=@Match Girl.rtf,$(AppPath)\passages,,,5/18/01 9:15:52 AM,3310,0.0.0.0
File11=@Little Mermaid.rtf,$(AppPath)\passages,,,5/18/01 9:15:34 AM,4763,0.0.0.0
File12=@Joseph Brant.rtf,$(AppPath)\passages,,,5/18/01 9:15:06 AM,3289,0.0.0.0
File13=@Joan of Arc.rtf,$(AppPath)\passages,,,5/18/01 9:14:38 AM,4044,0.0.0.0
File14=@Huck Finn.rtf,$(AppPath)\passages,,,5/17/01 3:40:14 PM,3489,0.0.0.0
File15=@Gulliver's Travels.rtf,$(AppPath)\passages,,,5/10/01 10:48:08 AM,4889,0.0.0.0
File16=@Forest of Burzee.rtf,$(AppPath)\passages,,,5/18/01 9:13:52 AM,3098,0.0.0.0
File17=@Devon.rtf,$(AppPath)\passages,,,5/18/01 9:13:20 AM,4321,0.0.0.0
File18=@Around the World in 80 Days.rtf,$(AppPath)\passages,,,5/17/01 3:39:12 PM,4292,0.0.0.0
File19=@Anne of Green Gables.rtf,$(AppPath)\passages,,,5/18/01 9:12:50 AM,5689,0.0.0.0
File20=@Alice in Wonderland.rtf,$(AppPath)\passages,,,5/17/01 3:38:46 PM,4073,0.0.0.0
File21=@Alexander Hamilton.rtf,$(AppPath)\passages,,,5/18/01 9:12:30 AM,3587,0.0.0.0
File22=@pic4.jpg,$(AppPath)\images,,,5/18/01 9:40:24 AM,4543,0.0.0.0
File23=@pic3s.jpg,$(AppPath)\images,,,5/18/01 9:39:54 AM,5481,0.0.0.0
File24=@pic2.jpg,$(AppPath)\images,,,5/18/01 9:39:18 AM,5604,0.0.0.0
File25=@pic1.jpg,$(AppPath)\images,,,5/18/01 9:38:40 AM,5925,0.0.0.0
File26=@GSSplash.jpg,$(AppPath)\images,,,1/16/01 1:14:30 PM,39731,0.0.0.0
File27=@GadBack.jpg,$(AppPath)\images,,,11/17/00 10:46:50 AM,103954,0.0.0.0
File28=@editpreptitle.jpg,$(AppPath)\images,,,5/7/01 9:01:18 AM,109934,0.0.0.0
File29=@editprepback2.jpg,$(AppPath)\images,,,5/7/01 12:00:02 PM,94442,0.0.0.0
File30=@editprepback1.jpg,$(AppPath)\images,,,5/7/01 11:59:36 AM,99091,0.0.0.0
File31=@ReadMe.txt,$(AppPath),,,5/18/01 9:08:12 AM,4898,0.0.0.0
File32=@Order Form.htm,$(AppPath),,,5/18/01 10:00:20 AM,2953,0.0.0.0
File33=@of.rtf,$(AppPath),,,5/18/01 10:02:06 AM,6569,0.0.0.0
File34=@Help2.rtf,$(AppPath),,,5/9/01 1:17:42 PM,8133,0.0.0.0
File35=@Help.rtf,$(AppPath),,,5/9/01 11:44:48 AM,13106,0.0.0.0
File36=@epdata.dat,$(AppPath),,,5/18/01 9:41:14 AM,27,0.0.0.0
File37=@compquestions.que,$(AppPath),,,5/9/01 1:54:02 PM,293,0.0.0.0
File38=@COMDLG32.OCX,$(WinSysPath),$(DLLSelfRegister),$(Shared),5/7/99 3:00:00 AM,140488,6.0.84.18
File39=@MSCOMCTL.OCX,$(WinSysPath),$(DLLSelfRegister),$(Shared),7/28/98 6:01:56 PM,1066176,6.0.88.62
File40=@RICHED32.DLL,$(WinSysPathSysFile),,,5/7/98 12:00:00 AM,174352,4.0.993.4
File41=@RICHTX32.OCX,$(WinSysPath),$(DLLSelfRegister),$(Shared),5/22/00 12:00:00 AM,203976,6.0.88.4
File42=@MSSTDFMT.DLL,$(WinSysPath),$(DLLSelfRegister),$(Shared),3/14/00 12:00:00 AM,118784,6.0.88.4
File43=@Edit Prep.exe,$(AppPath),,,5/18/01 10:04:56 AM,475136,1.0.0.0

; The following lines may be deleted in order to obtain extra 
; space for customizing this file on a full installation diskette.
; 
; XXXXXXXXXXXXXXXXXXXXXXXXXXXXXXXXXXXXXXXXXXXXXXXXXXXXXXXXXXXX
; XXXXXXXXXXXXXXXXXXXXXXXXXXXXXXXXXXXXXXXXXXXXXXXXXXXXXXXXXXXX
; XXXXXXXXXXXXXXXXXXXXXXXXXXXXXXXXXXXXXXXXXXXXXXXXXXXXXXXXXXXX
; XXXXXXXXXXXXXXXXXXXXXXXXXXXXXXXXXXXXXXXXXXXXXXXXXXXXXXXXXXXX
; XXXXXXXXXXXXXXXXXXXXXXXXXXXXXXXXXXXXXXXXXXXXXXXXXXXXXXXXXXXX
; XXXXXXXXXXXXXXXXXXXXXXXXXXXXXXXXXXXXXXXXXXXXXXXXXXXXXXXXXXXX
; XXXXXXXXXXXXXXXXXXXXXXXXXXXXXXXXXXXXXXXXXXXXXXXXXXXXXXXXXXXX
; XXXXXXXXXXXXXXXXXXXXXXXXXXXXXXXXXXXXXXXXXXXXXXXXXXXXXXXXXXXX
; XXXXXXXXXXXXXXXXXXXXXXXXXXXXXXXXXXXXXXXXXXXXXXXXXXXXXXXXXXXX
; XXXXXXXXXXXXXXXXXXXXXXXXXXXXXXXXXXXXXXXXXXXXXXXXXXXXXXXXXXXX
; XXXXXXXXXXXXXXXXXXXXXXXXXXXXXXXXXXXXXXXXXXXXXXXXXXXXXXXXXXXX
; XXXXXXXXXXXXXXXXXXXXXXXXXXXXXXXXXXXXXXXXXXXXXXXXXXXXXXXXXXXX
; XXXXXXXXXXXXXXXXXXXXXXXXXXXXXXXXXXXXXXXXXXXXXXXXXXXXXXXXXXXX
; XXXXXXXXXXXXXXXXXXXXXXXXXXXXXXXXXXXXXXXXXXXXXXXXXXXXXXXXXXXX
; XXXXXXXXXXXXXXXXXXXXXXXXXXXXXXXXXXXXXXXXXXXXXXXXXXXXXXXXXXXX
; XXXXXXXXXXXXXXXXXXXXXXXXXXXXXXXXXXXXXXXXXXXXXXXXXXXXXXXXXXXX
; XXXXXXXXXXXXXXXXXXXXXXXXXXXXXXXXXXXXXXXXXXXXXXXXXXXXXXXXXXXX
; XXXXXXXXXXXXXXXXXXXXXXXXXXXXXXXXXXXXXXXXXXXXXXXXXXXXXXXXXXXX
; XXXXXXXXXXXXXXXXXXXXXXXXXXXXXXXXXXXXXXXXXXXXXXXXXXXXXXXXXXXX
; XXXXXXXXXXXXXXXXXXXXXXXXXXXXXXXXXXXXXXXXXXXXXXXXXXXXXXXXXXXX
; XXXXXXXXXXXXXXXXXXXXXXXXXXXXXXXXXXXXXXXXXXXXXXXXXXXXXXXXXXXX
; XXXXXXXXXXXXXXXXXXXXXXXXXXXXXXXXXXXXXXXXXXXXXXXXXXXXXXXXXXXX
; XXXXXXXXXXXXXXXXXXXXXXXXXXXXXXXXXXXXXXXXXXXXXXXXXXXXXXXXXXXX
; XXXXXXXXXXXXXXXXXXXXXXXXXXXXXXXXXXXXXXXXXXXXXXXXXXXXXXXXXXXX
; XXXXXXXXXXXXXXXXXXXXXXXXXXXXXXXXXXXXXXXXXXXXXXXXXXXXXXXXXXXX
; XXXXXXXXXXXXXXXXXXXXXXXXXXXXXXXXXXXXXXXXXXXXXXXXXXXXXXXXXXXX
; XXXXXXXXXXXXXXXXXXXXXXXXXXXXXXXXXXXXXXXXXXXXXXXXXXXXXXXXXXXX
; XXXXXXXXXXXXXXXXXXXXXXXXXXXXXXXXXXXXXXXXXXXXXXXXXXXXXXXXXXXX
; XXXXXXXXXXXXXXXXXXXXXXXXXXXXXXXXXXXXXXXXXXXXXXXXXXXXXXXXXXXX
; XXXXXXXXXXXXXXXXXXXXXXXXXXXXXXXXXXXXXXXXXXXXXXXXXXXXXXXXXXXX
; XXXXXXXXXXXXXXXXXXXXXXXXXXXXXXXXXXXXXXXXXXXXXXXXXXXXXXXXXXXX
; XXXXXXXXXXXXXXXXXXXXXXXXXXXXXXXXXXXXXXXXXXXXXXXXXXXXXXXXXXXX
; XXXXXXXXXXXXXXXXXXXXXXXXXXXXXXXXXXXXXXXXXXXXXXXXXXXXXXXXXXXX
; XXXXXXXXXXXXXXXXXXXXXXXXXXXXXXXXXXXXXXXXXXXXXXXXXXXXXXXXXXXX
; XXXXXXXXXXXXXXXXXXXXXXXXXXXXXXXXXXXXXXXXXXXXXXXXXXXXXXXXXXXX
