[Bootstrap]
SetupTitle=Install
SetupText=Copying Files, please stand by.
CabFile=Survey.CAB
Spawn=Setup1.exe
Uninstal=st6unst.exe
TmpDir=msftqws.pdw
Cabs=1

[Bootstrap Files]
File1=@VB6STKIT.DLL,$(WinSysPathSysFile),,,7/15/00 12:00:00 AM,101888,6.0.84.50
File2=@COMCAT.DLL,$(WinSysPathSysFile),$(DLLSelfRegister),,5/8/02 12:00:00 AM,22288,4.71.1460.1
File3=@STDOLE2.TLB,$(WinSysPathSysFile),$(TLBRegister),,6/3/99 12:00:00 AM,17920,2.40.4275.1
File4=@ASYCFILT.DLL,$(WinSysPathSysFile),,,5/8/02 12:00:00 AM,147728,2.40.4275.1
File5=@OLEPRO32.DLL,$(WinSysPathSysFile),$(DLLSelfRegister),,8/29/02 12:00:00 AM,164112,5.0.4275.1
File6=@OLEAUT32.DLL,$(WinSysPathSysFile),$(DLLSelfRegister),,4/12/00 12:00:00 AM,598288,2.40.4275.1
File7=@msvbvm60.dll,$(WinSysPathSysFile),$(DLLSelfRegister),,2/23/04 12:00:00 AM,1388544,6.0.89.64

[IconGroups]
Group0=Survey
PrivateGroup0=-1
Parent0=$(Programs)

[Survey]
Icon1="Survey.exe"
Title1=Electronic Survey Program
StartIn1=$(AppPath)
Icon2=""Order Form.htm""
Title2=Order Form
StartIn2=$(AppPath)
Icon3="ReadMe.txt"
Title3=Survey ReadMe
StartIn3=$(AppPath)

[Setup]
Title=Electronic Survey Program
DefaultDir=$(ProgramFiles)\Survey
AppExe=Survey.exe
AppToUninstall=Survey.exe

[Setup1 Files]
File1=@Gepeto Software Sample Survey.sur,$(AppPath)\surveys,,,10/16/01 2:48:08 PM,1465,0.0.0.0
File2=@Gepeto Software Sample Survey.opt,$(AppPath)\surveys,,,10/16/01 2:43:36 PM,227,0.0.0.0
File3=@Yes-No-Maybe.set,$(AppPath)\sets,,,10/1/01 3:02:48 PM,14,0.0.0.0
File4=@Yes-No.set,$(AppPath)\sets,,,10/1/01 3:03:04 PM,7,0.0.0.0
File5=@Very Strongly Agree- Very Strongly Disagree.set,$(AppPath)\sets,,,10/1/01 3:25:32 PM,95,0.0.0.0
File6=@Very High- Very Low.set,$(AppPath)\sets,,,10/1/01 3:29:16 PM,39,0.0.0.0
File7=@Strongly Agree- Strongly Disagree-DNA.set,$(AppPath)\sets,,,10/1/01 3:06:14 PM,66,0.0.0.0
File8=@Strongly Agree- Strongly Disagree.set,$(AppPath)\sets,,,10/1/01 3:00:32 PM,50,0.0.0.0
File9=@Sex.set,$(AppPath)\sets,,,10/1/01 3:27:04 PM,12,0.0.0.0
File10=@Satisfactory-Unsatisfactory-DNA.set,$(AppPath)\sets,,,10/1/01 3:16:06 PM,44,0.0.0.0
File11=@Satisfactory-Unsatisfactory.set,$(AppPath)\sets,,,10/1/01 3:16:20 PM,28,0.0.0.0
File12=@Race.set,$(AppPath)\sets,,,10/1/01 3:26:46 PM,36,0.0.0.0
File13=@Percent.set,$(AppPath)\sets,,,10/1/01 3:20:52 PM,147,0.0.0.0
File14=@Percent (staggered).set,$(AppPath)\sets,,,10/1/01 3:22:58 PM,50,0.0.0.0
File15=@Often-Never.set,$(AppPath)\sets,,,10/1/01 3:01:20 PM,31,0.0.0.0
File16=@More-Less.set,$(AppPath)\sets,,,10/1/01 3:30:16 PM,21,0.0.0.0
File17=@How Often.set,$(AppPath)\sets,,,10/1/01 3:10:40 PM,64,0.0.0.0
File18=@How Long.set,$(AppPath)\sets,,,10/1/01 3:13:40 PM,50,0.0.0.0
File19=@High-Low.set,$(AppPath)\sets,,,10/1/01 3:28:44 PM,18,0.0.0.0
File20=@Good-Needs Improvement.set,$(AppPath)\sets,,,10/1/01 3:17:38 PM,32,0.0.0.0
File21=@Excellent-Poor.set,$(AppPath)\sets,,,10/1/01 3:18:02 PM,49,0.0.0.0
File22=@All-None.set,$(AppPath)\sets,,,10/2/01 9:25:10 AM,17,0.0.0.0
File23=@Agree-Disagree-DNA.set,$(AppPath)\sets,,,10/1/01 3:05:10 PM,31,0.0.0.0
File24=@Agree-Disagree.set,$(AppPath)\sets,,,10/1/01 2:57:40 PM,15,0.0.0.0
File25=@surveytitle.jpg,$(AppPath)\images,,,9/27/01 11:27:10 AM,92039,0.0.0.0
File26=@esp.gif,$(AppPath)\images,,,9/27/01 3:45:58 PM,9061,0.0.0.0
File27=@surveyback.jpg,$(AppPath)\images,,,10/31/00 9:51:56 AM,63355,0.0.0.0
File28=@pageback.jpg,$(AppPath)\images,,,10/8/01 2:12:18 PM,2484,0.0.0.0
File29=@GSSplash.jpg,$(AppPath)\images,,,1/16/01 1:14:30 PM,39731,0.0.0.0
File30=@GadBack.jpg,$(AppPath)\images,,,11/17/00 10:46:50 AM,103954,0.0.0.0
File31=@espbackground.jpg,$(AppPath)\images,,,5/17/00 10:34:44 AM,71543,0.0.0.0
File32=@espback2.jpg,$(AppPath)\images,,,10/9/01 1:43:56 PM,43523,0.0.0.0
File33=@Survey Help.rtf,$(AppPath),,,10/11/01 2:25:22 PM,34628,0.0.0.0
File34=@ReadMe.txt,$(AppPath),,,10/11/01 10:30:42 AM,5619,0.0.0.0
File35=@Order Form.htm,$(AppPath),,,10/11/01 10:09:36 AM,14482,0.0.0.0
File36=@howtopublish.htm,$(AppPath),,,10/9/01 2:21:32 PM,1881,0.0.0.0
File37=@espdata2.dat,$(AppPath),,,10/16/01 2:59:08 PM,51,0.0.0.0
File38=@espdata.bak,$(AppPath),,,10/9/01 2:42:26 PM,60,0.0.0.0
File39=@COMDLG32.OCX,$(WinSysPath),$(DLLSelfRegister),$(Shared),3/9/04 12:00:00 AM,140488,6.0.84.18
File40=@MSCOMCTL.OCX,$(WinSysPath),$(DLLSelfRegister),$(Shared),3/9/04 12:00:00 AM,1066176,6.0.88.62
File41=@RICHED32.DLL,$(WinSysPathSysFile),,,5/7/98 12:00:00 AM,174352,4.0.993.4
File42=@RICHTX32.OCX,$(WinSysPath),$(DLLSelfRegister),$(Shared),3/9/04 12:00:00 AM,203976,6.0.88.4
File43=@Survey.exe,$(AppPath),,,10/16/01 2:53:46 PM,778240,3.0.0.0

; The following lines may be deleted in order to obtain extra 
; space for customizing this file on a full installation diskette.
; 
; XXXXXXXXXXXXXXXXXXXXXXXXXXXXXXXXXXXXXXXXXXXXXXXXXXXXXXXXXXXX
; XXXXXXXXXXXXXXXXXXXXXXXXXXXXXXXXXXXXXXXXXXXXXXXXXXXXXXXXXXXX
; XXXXXXXXXXXXXXXXXXXXXXXXXXXXXXXXXXXXXXXXXXXXXXXXXXXXXXXXXXXX
; XXXXXXXXXXXXXXXXXXXXXXXXXXXXXXXXXXXXXXXXXXXXXXXXXXXXXXXXXXXX
; XXXXXXXXXXXXXXXXXXXXXXXXXXXXXXXXXXXXXXXXXXXXXXXXXXXXXXXXXXXX
; XXXXXXXXXXXXXXXXXXXXXXXXXXXXXXXXXXXXXXXXXXXXXXXXXXXXXXXXXXXX
; XXXXXXXXXXXXXXXXXXXXXXXXXXXXXXXXXXXXXXXXXXXXXXXXXXXXXXXXXXXX
; XXXXXXXXXXXXXXXXXXXXXXXXXXXXXXXXXXXXXXXXXXXXXXXXXXXXXXXXXXXX
; XXXXXXXXXXXXXXXXXXXXXXXXXXXXXXXXXXXXXXXXXXXXXXXXXXXXXXXXXXXX
; XXXXXXXXXXXXXXXXXXXXXXXXXXXXXXXXXXXXXXXXXXXXXXXXXXXXXXXXXXXX
; XXXXXXXXXXXXXXXXXXXXXXXXXXXXXXXXXXXXXXXXXXXXXXXXXXXXXXXXXXXX
; XXXXXXXXXXXXXXXXXXXXXXXXXXXXXXXXXXXXXXXXXXXXXXXXXXXXXXXXXXXX
; XXXXXXXXXXXXXXXXXXXXXXXXXXXXXXXXXXXXXXXXXXXXXXXXXXXXXXXXXXXX
; XXXXXXXXXXXXXXXXXXXXXXXXXXXXXXXXXXXXXXXXXXXXXXXXXXXXXXXXXXXX
; XXXXXXXXXXXXXXXXXXXXXXXXXXXXXXXXXXXXXXXXXXXXXXXXXXXXXXXXXXXX
; XXXXXXXXXXXXXXXXXXXXXXXXXXXXXXXXXXXXXXXXXXXXXXXXXXXXXXXXXXXX
; XXXXXXXXXXXXXXXXXXXXXXXXXXXXXXXXXXXXXXXXXXXXXXXXXXXXXXXXXXXX
; XXXXXXXXXXXXXXXXXXXXXXXXXXXXXXXXXXXXXXXXXXXXXXXXXXXXXXXXXXXX
; XXXXXXXXXXXXXXXXXXXXXXXXXXXXXXXXXXXXXXXXXXXXXXXXXXXXXXXXXXXX
; XXXXXXXXXXXXXXXXXXXXXXXXXXXXXXXXXXXXXXXXXXXXXXXXXXXXXXXXXXXX
; XXXXXXXXXXXXXXXXXXXXXXXXXXXXXXXXXXXXXXXXXXXXXXXXXXXXXXXXXXXX
; XXXXXXXXXXXXXXXXXXXXXXXXXXXXXXXXXXXXXXXXXXXXXXXXXXXXXXXXXXXX
; XXXXXXXXXXXXXXXXXXXXXXXXXXXXXXXXXXXXXXXXXXXXXXXXXXXXXXXXXXXX
; XXXXXXXXXXXXXXXXXXXXXXXXXXXXXXXXXXXXXXXXXXXXXXXXXXXXXXXXXXXX
; XXXXXXXXXXXXXXXXXXXXXXXXXXXXXXXXXXXXXXXXXXXXXXXXXXXXXXXXXXXX
; XXXXXXXXXXXXXXXXXXXXXXXXXXXXXXXXXXXXXXXXXXXXXXXXXXXXXXXXXXXX
; XXXXXXXXXXXXXXXXXXXXXXXXXXXXXXXXXXXXXXXXXXXXXXXXXXXXXXXXXXXX
; XXXXXXXXXXXXXXXXXXXXXXXXXXXXXXXXXXXXXXXXXXXXXXXXXXXXXXXXXXXX
; XXXXXXXXXXXXXXXXXXXXXXXXXXXXXXXXXXXXXXXXXXXXXXXXXXXXXXXXXXXX
; XXXXXXXXXXXXXXXXXXXXXXXXXXXXXXXXXXXXXXXXXXXXXXXXXXXXXXXXXXXX
; XXXXXXXXXXXXXXXXXXXXXXXXXXXXXXXXXXXXXXXXXXXXXXXXXXXXXXXXXXXX
; XXXXXXXXXXXXXXXXXXXXXXXXXXXXXXXXXXXXXXXXXXXXXXXXXXXXXXXXXXXX
; XXXXXXXXXXXXXXXXXXXXXXXXXXXXXXXXXXXXXXXXXXXXXXXXXXXXXXXXXXXX
; XXXXXXXXXXXXXXXXXXXXXXXXXXXXXXXXXXXXXXXXXXXXXXXXXXXXXXXXXXXX
; XXXXXXXXXXXXXXXXXXXXXXXXXXXXXXXXXXXXXXXXXXXXXXXXXXXXXXXXXXXX
